<html>
<body>
<pre>
<h1>µVision Build Log</h1>
<h2>Tool Versions:</h2>
IDE-Version: ¦ÌVision V5.14.0.0
Copyright (C) 2015 ARM Ltd and ARM Germany GmbH. All rights reserved.
License Information: 1 2246756322@qq.com, 1, LIC=EXJT4-FI9TH-63LMB-28VUR-73GTK-EFMBV
 
Tool Versions:
Toolchain:       MDK-ARM Standard  Version: 5.14.0.0
Toolchain Path:  D:\app\keil 5\keil_v5\ARM\ARMCC\Bin
C Compiler:      Armcc.exe V5.05 update 1 (build 106)
Assembler:       Armasm.exe V5.05 update 1 (build 106)
Linker/Locator:  ArmLink.exe V5.05 update 1 (build 106)
Library Manager: ArmAr.exe V5.05 update 1 (build 106)
Hex Converter:   FromElf.exe V5.05 update 1 (build 106)
CPU DLL:         SARMCM3.DLL V5.14.0.0
Dialog DLL:      DCM.DLL V1.13.1.0
Target DLL:      CMSIS_AGDI.dll V1.21.0.0
Dialog DLL:      TCM.DLL V1.14.4.0
 
<h2>Project:</h2>
D:\can\CubeMX File\STM32F\Second\Second\MDK-ARM\Second.uvprojx
Project File Date:  11/19/2023

<h2>Output:</h2>
Build target 'Second'
compiling main.c...
../Core/Src/main.c(107): warning:  #188-D: enumerated type mixed with another type
                        HAL_GPIO_WritePin(GPIOC,GPIO_PIN_0,0);
../Core/Src/main.c(109): warning:  #188-D: enumerated type mixed with another type
                        HAL_GPIO_WritePin(GPIOC,GPIO_PIN_0,1);
../Core/Src/main.c(111): warning:  #188-D: enumerated type mixed with another type
                        HAL_GPIO_WritePin(GPIOC,GPIO_PIN_1,0);
../Core/Src/main.c(113): warning:  #188-D: enumerated type mixed with another type
                        HAL_GPIO_WritePin(GPIOC,GPIO_PIN_1,1);
../Core/Src/main.c(115): warning:  #188-D: enumerated type mixed with another type
                        HAL_GPIO_WritePin(GPIOC,GPIO_PIN_2,0);
../Core/Src/main.c(117): warning:  #188-D: enumerated type mixed with another type
                        HAL_GPIO_WritePin(GPIOC,GPIO_PIN_2,1);
../Core/Src/main.c(119): warning:  #188-D: enumerated type mixed with another type
                        HAL_GPIO_WritePin(GPIOC,GPIO_PIN_3,0);
../Core/Src/main.c(121): warning:  #188-D: enumerated type mixed with another type
                        HAL_GPIO_WritePin(GPIOC,GPIO_PIN_3,1);
../Core/Src/main.c(123): warning:  #188-D: enumerated type mixed with another type
                        HAL_GPIO_WritePin(GPIOC,GPIO_PIN_4,0);
../Core/Src/main.c(125): warning:  #188-D: enumerated type mixed with another type
                        HAL_GPIO_WritePin(GPIOC,GPIO_PIN_4,1);
../Core/Src/main.c(127): warning:  #188-D: enumerated type mixed with another type
                        HAL_GPIO_WritePin(GPIOC,GPIO_PIN_5,0);
../Core/Src/main.c(129): warning:  #188-D: enumerated type mixed with another type
                        HAL_GPIO_WritePin(GPIOC,GPIO_PIN_5,1);
../Core/Src/main.c(131): warning:  #188-D: enumerated type mixed with another type
                        HAL_GPIO_WritePin(GPIOC,GPIO_PIN_6,0);
../Core/Src/main.c(133): warning:  #188-D: enumerated type mixed with another type
                        HAL_GPIO_WritePin(GPIOC,GPIO_PIN_6,1);
../Core/Src/main.c(135): warning:  #188-D: enumerated type mixed with another type
                        HAL_GPIO_WritePin(GPIOC,GPIO_PIN_7,0);
../Core/Src/main.c(137): warning:  #188-D: enumerated type mixed with another type
                        HAL_GPIO_WritePin(GPIOC,GPIO_PIN_7,1);
../Core/Src/main.c(151): warning:  #188-D: enumerated type mixed with another type
                        HAL_GPIO_WritePin(GPIOC,GPIO_PIN_7,1);
../Core/Src/main.c(154): warning:  #188-D: enumerated type mixed with another type
                        HAL_GPIO_WritePin(GPIOC,GPIO_PIN_6,1);
../Core/Src/main.c(157): warning:  #188-D: enumerated type mixed with another type
                        HAL_GPIO_WritePin(GPIOC,GPIO_PIN_5,1);
../Core/Src/main.c(160): warning:  #188-D: enumerated type mixed with another type
                        HAL_GPIO_WritePin(GPIOC,GPIO_PIN_4,1);
../Core/Src/main.c(163): warning:  #188-D: enumerated type mixed with another type
                        HAL_GPIO_WritePin(GPIOC,GPIO_PIN_3,1);
../Core/Src/main.c(166): warning:  #188-D: enumerated type mixed with another type
                        HAL_GPIO_WritePin(GPIOC,GPIO_PIN_2,1);
../Core/Src/main.c(169): warning:  #188-D: enumerated type mixed with another type
                        HAL_GPIO_WritePin(GPIOC,GPIO_PIN_1,1);
../Core/Src/main.c(172): warning:  #188-D: enumerated type mixed with another type
                        HAL_GPIO_WritePin(GPIOC,GPIO_PIN_0,1);
../Core/Src/main.c(238): warning:  #188-D: enumerated type mixed with another type
                        HAL_GPIO_WritePin(GPIOC,GPIO_PIN_0,1);
../Core/Src/main.c(241): warning:  #188-D: enumerated type mixed with another type
                        HAL_GPIO_WritePin(GPIOC,GPIO_PIN_1,1);
../Core/Src/main.c(244): warning:  #188-D: enumerated type mixed with another type
                        HAL_GPIO_WritePin(GPIOC,GPIO_PIN_2,1);
../Core/Src/main.c(247): warning:  #188-D: enumerated type mixed with another type
                        HAL_GPIO_WritePin(GPIOC,GPIO_PIN_3,1);
../Core/Src/main.c(250): warning:  #188-D: enumerated type mixed with another type
                        HAL_GPIO_WritePin(GPIOC,GPIO_PIN_4,1);
../Core/Src/main.c(253): warning:  #188-D: enumerated type mixed with another type
                        HAL_GPIO_WritePin(GPIOC,GPIO_PIN_5,1);
../Core/Src/main.c(256): warning:  #188-D: enumerated type mixed with another type
                        HAL_GPIO_WritePin(GPIOC,GPIO_PIN_6,1);
../Core/Src/main.c(259): warning:  #188-D: enumerated type mixed with another type
                        HAL_GPIO_WritePin(GPIOC,GPIO_PIN_7,1);
../Core/Src/main.c: 32 warnings, 0 errors
linking...
Program Size: Code=5776 RO-data=380 RW-data=68 ZI-data=1100  
FromELF: creating hex file...
"Second\Second.axf" - 0 Error(s), 32 Warning(s).

<h2>Software Packages used:</h2>

Package Vendor: ARM
                http://www.keil.com/pack/ARM.CMSIS.4.2.0.pack
                ARM::CMSIS:CORE:3.40.0
                CMSIS (Cortex Microcontroller Software Interface Standard)
   * Component: CORE Version: 3.40.0

<h2>Collection of Component include folders:</h2>
  D:\can\CubeMX File\STM32F\Second\Second\MDK-ARM\RTE
  D:\app\keil 5\keil_v5\ARM\CMSIS\4.2.0\CMSIS\Include
  D:\app\keil 5\keil_v5\Keil\STM32F1xx_DFP\2.2.0

<h2>Collection of Component Files used:</h2>

   * Component: ARM::CMSIS:CORE:3.40.0
      Source file:   CMSIS\UserCodeTemplates\ARM\ITM_Retarget.c
</pre>
</body>
</html>
